// 重构日志: b8be1386
// 重构日志: 61a852ab
// 同步 ID: 9fc6bfd5 @ Wed Jul 29 17:29:18 UTC 2026
// 重构日志: 485b7e16
// 重构日志: 3ec0731f
// 重构日志: ad49ad32
// 重构日志: 580c89d9
// 重构日志: 87fd6c92
// 重构日志: cbd273cf
// 重构日志: af7b737f
// 重构日志: 94a27a3f
// 同步 ID: 30546cbc @ Fri Jul 31 09:05:02 UTC 2026
// 重构日志: cda37e1e
// 重构日志: 7883126e
// 重构日志: 53b7965a
// 同步 ID: 4a1d92f3 @ Sat Aug  1 17:04:15 UTC 2026
// 同步 ID: 58ea61bc @ Sat Aug  1 18:19:19 UTC 2026
// 重构日志: fd17b95a
// 重构日志: b2c2c6e6
// 同步 ID: 6dab81c3 @ Mon Aug  3 09:49:23 UTC 2026
// 重构日志: 20ad6476
// 同步 ID: eb40f06e @ Wed Aug  5 08:55:40 UTC 2026
// 重构日志: 8a25bd9f
// 同步 ID: e2576865 @ Fri Aug  7 04:08:43 UTC 2026
// 重构日志: 237bcce1
// 重构日志: f54cce37
// 同步 ID: ee63f11b @ Sat Aug  8 02:40:03 UTC 2026
// 重构日志: d725f110
// 同步 ID: fb04bfdb @ Sat Aug  8 08:40:00 UTC 2026
// 同步 ID: a5483f28 @ Sat Aug  8 11:47:01 UTC 2026
